// Jest Snapshot v1, https://goo.gl/fbAQLP

exports[`Header component Header snapshot 1`] = `
<div>
  <header
    class="sc-bdvvtL ekkTz"
    data-testid="Header"
  >
    <h1>
      Header
    </h1>
  </header>
</div>
`;
