// Jest Snapshot v1, https://goo.gl/fbAQLP

exports[`renders homepage unchanged 1`] = `
<h1
  style={
    Object {
      "marginInline": "auto",
    }
  }
>
  Next Starter Template
</h1>
`;
